src/controllers/master.controller.ts(656,9): error TS2322: Type '({ OR: { clinicId: any; }[]; } | { OR: ({ medicineName: { contains: string; mode: string; }; } | { genericName: { contains: string; mode: string; }; } | { description: { contains: string; mode: string; }; })[]; } | { ...; })[]' is not assignable to type 'MedicineWhereInput | MedicineWhereInput[] | undefined'.
  Type '({ OR: { clinicId: any; }[]; } | { OR: ({ medicineName: { contains: string; mode: string; }; } | { genericName: { contains: string; mode: string; }; } | { description: { contains: string; mode: string; }; })[]; } | { ...; })[]' is not assignable to type 'MedicineWhereInput[]'.
    Type '{ OR: { clinicId: any; }[]; } | { OR: ({ medicineName: { contains: string; mode: string; }; } | { genericName: { contains: string; mode: string; }; } | { description: { contains: string; mode: string; }; })[]; } | { ...; }' is not assignable to type 'MedicineWhereInput'.
      Type '{ OR: ({ medicineName: { contains: string; mode: string; }; } | { genericName: { contains: string; mode: string; }; } | { description: { contains: string; mode: string; }; })[]; }' is not assignable to type 'MedicineWhereInput'.
        Types of property 'OR' are incompatible.
          Type '({ medicineName: { contains: string; mode: string; }; } | { genericName: { contains: string; mode: string; }; } | { description: { contains: string; mode: string; }; })[]' is not assignable to type 'MedicineWhereInput[]'.
            Type '{ medicineName: { contains: string; mode: string; }; } | { genericName: { contains: string; mode: string; }; } | { description: { contains: string; mode: string; }; }' is not assignable to type 'MedicineWhereInput'.
              Types of property 'medicineName' are incompatible.
                Type '{ contains: string; mode: string; }' is not assignable to type 'string | StringFilter<"Medicine"> | undefined'.
                  Types of property 'mode' are incompatible.
                    Type 'string' is not assignable to type 'QueryMode | undefined'.
